// Jest Snapshot v1, https://goo.gl/fbAQLP

exports[`NavBar renders correctly 1`] = `
<div
  class="makeStyles-navBar-1"
>
  <div>
    <button
      aria-label="toggle menu"
      class="MuiButtonBase-root MuiIconButton-root"
      data-testid="toggle-sidemenu-button"
      tabindex="0"
      type="button"
    >
      <span
        class="MuiIconButton-label"
      >
        <svg
          aria-hidden="true"
          class="MuiSvgIcon-root MuiSvgIcon-colorSecondary"
          focusable="false"
          viewBox="0 0 24 24"
        >
          <path
            d="M3 18h18v-2H3v2zm0-5h18v-2H3v2zm0-7v2h18V6H3z"
          />
        </svg>
      </span>
      <span
        class="MuiTouchRipple-root"
      />
    </button>
    <div
      class="PrivateSwipeArea-root-16 PrivateSwipeArea-anchorLeft-17"
      style="width: 20px;"
    />
  </div>
  <h1
    class="MuiTypography-root makeStyles-siteNameMobile-7 MuiTypography-h5 MuiTypography-colorTextSecondary"
  >
    P
  </h1>
  <h1
    class="MuiTypography-root makeStyles-siteName-6 MuiTypography-h5 MuiTypography-colorTextSecondary"
  >
    PDP project
  </h1>
  <div
    aria-expanded="false"
    class="makeStyles-search-8"
    data-testid="autocomplete"
    role="combobox"
  >
    <div
      class="makeStyles-searchIcon-9"
    >
      <svg
        aria-hidden="true"
        class="MuiSvgIcon-root"
        focusable="false"
        viewBox="0 0 24 24"
      >
        <path
          d="M15.5 14h-.79l-.28-.27C15.41 12.59 16 11.11 16 9.5 16 5.91 13.09 3 9.5 3S3 5.91 3 9.5 5.91 16 9.5 16c1.61 0 3.09-.59 4.23-1.57l.27.28v.79l5 4.99L20.49 19l-4.99-5zm-6 0C7.01 14 5 11.99 5 9.5S7.01 5 9.5 5 14 7.01 14 9.5 11.99 14 9.5 14z"
        />
      </svg>
    </div>
    <div
      aria-autocomplete="list"
      aria-expanded="true"
      autocapitalize="none"
      class="MuiInputBase-root makeStyles-inputRoot-10 Mui-focused"
      role="combobox"
      spellcheck="false"
    >
      <input
        aria-label="search"
        autocomplete="off"
        class="MuiInputBase-input makeStyles-inputInput-11"
        data-testid="search-input"
        id="search-input"
        placeholder="Search..."
        type="text"
        value=""
      />
    </div>
  </div>
  <button
    class="MuiButtonBase-root MuiIconButton-root"
    data-testid="mini-cart-icon"
    tabindex="0"
    type="button"
  >
    <span
      class="MuiIconButton-label"
    >
      <span
        class="MuiBadge-root"
      >
        <svg
          aria-hidden="true"
          class="MuiSvgIcon-root MuiSvgIcon-colorSecondary"
          focusable="false"
          viewBox="0 0 24 24"
        >
          <path
            d="M15.55 13c.75 0 1.41-.41 1.75-1.03l3.58-6.49c.37-.66-.11-1.48-.87-1.48H5.21l-.94-2H1v2h2l3.6 7.59-1.35 2.44C4.52 15.37 5.48 17 7 17h12v-2H7l1.1-2h7.45zM6.16 6h12.15l-2.76 5H8.53L6.16 6zM7 18c-1.1 0-1.99.9-1.99 2S5.9 22 7 22s2-.9 2-2-.9-2-2-2zm10 0c-1.1 0-1.99.9-1.99 2s.89 2 1.99 2 2-.9 2-2-.9-2-2-2z"
          />
        </svg>
        <span
          class="MuiBadge-badge MuiBadge-anchorOriginTopRightRectangle MuiBadge-colorError MuiBadge-invisible"
        >
          0
        </span>
      </span>
    </span>
    <span
      class="MuiTouchRipple-root"
    />
  </button>
  <div
    class="PrivateSwipeArea-root-16 PrivateSwipeArea-anchorRight-18"
    style="width: 20px;"
  />
</div>
`;
