// Jest Snapshot v1, https://goo.gl/fbAQLP

exports[`ProductCard matches snapshot 1`] = `
<article
  class="makeStyles-cardContainer-1"
>
  <div
    class="MuiPaper-root MuiCard-root makeStyles-cardRoot-2 MuiPaper-elevation1 MuiPaper-rounded"
  >
    <div
      class="MuiGrid-root MuiGrid-container MuiGrid-spacing-xs-2 MuiGrid-align-items-xs-center MuiGrid-justify-content-xs-center"
    >
      <div
        class="MuiGrid-root MuiGrid-item MuiGrid-grid-xs-5 MuiGrid-grid-md-12"
      >
        <div
          class="MuiBox-root MuiBox-root-6 makeStyles-image-5"
        >
          <div
            style="display: block; overflow: hidden; position: relative; box-sizing: border-box; margin: 0px;"
          >
            <div
              style="display: block; box-sizing: border-box; padding-top: 100%;"
            />
            <noscript />
            <img
              alt="mockName"
              data-nimg="true"
              decoding="async"
              src="data:image/gif;base64,R0lGODlhAQABAIAAAAAAAP///yH5BAEAAAAALAAAAAABAAEAAAIBRAA7"
              style="position: absolute; top: 0px; left: 0px; bottom: 0px; right: 0px; box-sizing: border-box; padding: 0px; margin: auto; display: block; width: 0px; height: 0px; min-width: 100%; max-width: 100%; min-height: 100%; max-height: 100%;"
            />
          </div>
        </div>
      </div>
      <div
        class="MuiGrid-root MuiGrid-item MuiGrid-grid-xs-7 MuiGrid-grid-md-12"
      >
        <div
          class="MuiBox-root MuiBox-root-7"
        >
          <div
            class="MuiBox-root MuiBox-root-8"
          >
            <a
              class="makeStyles-description-4"
              href="/products/mockId"
            >
              <h4
                class="MuiBox-root MuiBox-root-9"
              >
                mockName
              </h4>
              <p
                class="MuiBox-root MuiBox-root-10"
              >
                Sed ut perspiciatis unde omnis iste natus error sit voluptatem accusantium doloremque laudantium, totam rem aperiam
              </p>
            </a>
          </div>
          <div
            class="MuiBox-root MuiBox-root-11"
          >
            <div
              class="MuiBox-root MuiBox-root-12"
            >
              <span
                aria-label="3.5 Stars"
                class="MuiRating-root MuiRating-sizeSmall MuiRating-readOnly"
                role="img"
              >
                <span
                  class="MuiRating-decimal"
                >
                  <span
                    style="width: 0%; overflow: hidden; z-index: 1; position: absolute;"
                  >
                    <span
                      class="MuiRating-icon MuiRating-iconFilled"
                    >
                      <svg
                        aria-hidden="true"
                        class="MuiSvgIcon-root MuiSvgIcon-fontSizeInherit"
                        focusable="false"
                        viewBox="0 0 24 24"
                      >
                        <path
                          d="M12 17.27L18.18 21l-1.64-7.03L22 9.24l-7.19-.61L12 2 9.19 8.63 2 9.24l5.46 4.73L5.82 21z"
                        />
                      </svg>
                    </span>
                  </span>
                  <span>
                    <span
                      class="MuiRating-icon MuiRating-iconFilled"
                    >
                      <svg
                        aria-hidden="true"
                        class="MuiSvgIcon-root MuiSvgIcon-fontSizeInherit"
                        focusable="false"
                        viewBox="0 0 24 24"
                      >
                        <path
                          d="M12 17.27L18.18 21l-1.64-7.03L22 9.24l-7.19-.61L12 2 9.19 8.63 2 9.24l5.46 4.73L5.82 21z"
                        />
                      </svg>
                    </span>
                  </span>
                </span>
                <span
                  class="MuiRating-decimal"
                >
                  <span
                    style="width: 0%; overflow: hidden; z-index: 1; position: absolute;"
                  >
                    <span
                      class="MuiRating-icon MuiRating-iconFilled"
                    >
                      <svg
                        aria-hidden="true"
                        class="MuiSvgIcon-root MuiSvgIcon-fontSizeInherit"
                        focusable="false"
                        viewBox="0 0 24 24"
                      >
                        <path
                          d="M12 17.27L18.18 21l-1.64-7.03L22 9.24l-7.19-.61L12 2 9.19 8.63 2 9.24l5.46 4.73L5.82 21z"
                        />
                      </svg>
                    </span>
                  </span>
                  <span>
                    <span
                      class="MuiRating-icon MuiRating-iconFilled"
                    >
                      <svg
                        aria-hidden="true"
                        class="MuiSvgIcon-root MuiSvgIcon-fontSizeInherit"
                        focusable="false"
                        viewBox="0 0 24 24"
                      >
                        <path
                          d="M12 17.27L18.18 21l-1.64-7.03L22 9.24l-7.19-.61L12 2 9.19 8.63 2 9.24l5.46 4.73L5.82 21z"
                        />
                      </svg>
                    </span>
                  </span>
                </span>
                <span
                  class="MuiRating-decimal"
                >
                  <span
                    style="width: 0%; overflow: hidden; z-index: 1; position: absolute;"
                  >
                    <span
                      class="MuiRating-icon MuiRating-iconFilled"
                    >
                      <svg
                        aria-hidden="true"
                        class="MuiSvgIcon-root MuiSvgIcon-fontSizeInherit"
                        focusable="false"
                        viewBox="0 0 24 24"
                      >
                        <path
                          d="M12 17.27L18.18 21l-1.64-7.03L22 9.24l-7.19-.61L12 2 9.19 8.63 2 9.24l5.46 4.73L5.82 21z"
                        />
                      </svg>
                    </span>
                  </span>
                  <span>
                    <span
                      class="MuiRating-icon MuiRating-iconFilled"
                    >
                      <svg
                        aria-hidden="true"
                        class="MuiSvgIcon-root MuiSvgIcon-fontSizeInherit"
                        focusable="false"
                        viewBox="0 0 24 24"
                      >
                        <path
                          d="M12 17.27L18.18 21l-1.64-7.03L22 9.24l-7.19-.61L12 2 9.19 8.63 2 9.24l5.46 4.73L5.82 21z"
                        />
                      </svg>
                    </span>
                  </span>
                </span>
                <span
                  class="MuiRating-decimal"
                >
                  <span
                    style="width: 50%; overflow: hidden; z-index: 1; position: absolute;"
                  >
                    <span
                      class="MuiRating-icon MuiRating-iconFilled"
                    >
                      <svg
                        aria-hidden="true"
                        class="MuiSvgIcon-root MuiSvgIcon-fontSizeInherit"
                        focusable="false"
                        viewBox="0 0 24 24"
                      >
                        <path
                          d="M12 17.27L18.18 21l-1.64-7.03L22 9.24l-7.19-.61L12 2 9.19 8.63 2 9.24l5.46 4.73L5.82 21z"
                        />
                      </svg>
                    </span>
                  </span>
                  <span>
                    <span
                      class="MuiRating-icon MuiRating-iconEmpty"
                    >
                      <svg
                        aria-hidden="true"
                        class="MuiSvgIcon-root MuiSvgIcon-fontSizeInherit"
                        focusable="false"
                        viewBox="0 0 24 24"
                      >
                        <path
                          d="M12 17.27L18.18 21l-1.64-7.03L22 9.24l-7.19-.61L12 2 9.19 8.63 2 9.24l5.46 4.73L5.82 21z"
                        />
                      </svg>
                    </span>
                  </span>
                </span>
                <span
                  class="MuiRating-decimal"
                >
                  <span
                    style="width: 0%; overflow: hidden; z-index: 1; position: absolute;"
                  >
                    <span
                      class="MuiRating-icon MuiRating-iconEmpty"
                    >
                      <svg
                        aria-hidden="true"
                        class="MuiSvgIcon-root MuiSvgIcon-fontSizeInherit"
                        focusable="false"
                        viewBox="0 0 24 24"
                      >
                        <path
                          d="M12 17.27L18.18 21l-1.64-7.03L22 9.24l-7.19-.61L12 2 9.19 8.63 2 9.24l5.46 4.73L5.82 21z"
                        />
                      </svg>
                    </span>
                  </span>
                  <span>
                    <span
                      class="MuiRating-icon MuiRating-iconEmpty"
                    >
                      <svg
                        aria-hidden="true"
                        class="MuiSvgIcon-root MuiSvgIcon-fontSizeInherit"
                        focusable="false"
                        viewBox="0 0 24 24"
                      >
                        <path
                          d="M12 17.27L18.18 21l-1.64-7.03L22 9.24l-7.19-.61L12 2 9.19 8.63 2 9.24l5.46 4.73L5.82 21z"
                        />
                      </svg>
                    </span>
                  </span>
                </span>
              </span>
            </div>
            <div
              class="MuiBox-root MuiBox-root-13"
            >
              <p
                class="MuiTypography-root MuiTypography-body2 MuiTypography-colorPrimary"
              >
                10
              </p>
            </div>
          </div>
          <div
            class="MuiBox-root MuiBox-root-14"
          >
            <span
              class="MuiTypography-root MuiTypography-body1"
            >
              100
              €
            </span>
            <div
              class="MuiBox-root MuiBox-root-15"
            >
              <span
                class="MuiTypography-root MuiTypography-body2 MuiTypography-colorPrimary"
              >
                in stock
              </span>
            </div>
          </div>
        </div>
      </div>
    </div>
  </div>
</article>
`;
