// Jest Snapshot v1, https://goo.gl/fbAQLP

exports[`SiteName matches snapshot 1`] = `
<h1
  class="MuiTypography-root makeStyles-siteNameMobile-2 MuiTypography-h5 MuiTypography-colorTextSecondary"
>
  P
</h1>
`;
