// Jest Snapshot v1, https://goo.gl/fbAQLP

exports[`ProductCollection renders correctly 1`] = `
<script
  type="application/ld+json"
>
  {"@context":"http://schema.org","@type":"ProductCollection","size":10,"headline":"mock headline","keywords":"keyword-1,keyword-2","mainEntityOfPage":"http://localhost:3000","url":"http://localhost:3000","description":"mock description"}
</script>
`;
